// Jest Snapshot v1, https://goo.gl/fbAQLP

exports[`Analyzers GitHooksAnalyzer should analyze a project with .huskyrc correctly 1`] = `
Object {
  "githooks": true,
  "githooksInstallation": "1.3.1",
  "githooksLocation": "rc",
}
`;

exports[`Analyzers GitHooksAnalyzer should analyze a project with husky in package correctly 1`] = `
Object {
  "githooks": false,
  "githooksInstallation": false,
  "githooksLocation": "package",
}
`;
