// Jest Snapshot v1, https://goo.gl/fbAQLP

exports[`Analyzers TypeScriptAnalyzer should analyze a project with installation correctly 1`] = `
Object {
  "typescript": true,
  "typescriptInstallation": Object {
    "declared": "3.2.4",
    "installed": "3.0.0",
    "latest": Any<String>,
    "location": "devDependencies",
  },
}
`;

exports[`Analyzers TypeScriptAnalyzer should analyze a project without installation correctly 1`] = `
Object {
  "typescript": true,
  "typescriptInstallation": Object {
    "declared": null,
    "installed": null,
    "latest": Any<String>,
    "location": null,
  },
}
`;
